PHPUnit 11.5.55 by Sebastian Bergmann and contributors.

Runtime:       PHP 8.2.12
Configuration: C:\xampp\htdocs\stitch-and-co\phpunit.xml

...FF.                                                              6 / 6 (100%)

Time: 00:20.272, Memory: 46.00 MB

There were 2 failures:

1) Tests\Feature\StockManagementTest::test_stock_decrements_after_purchase
Failed asserting that 5 matches expected 3.

C:\xampp\htdocs\stitch-and-co\tests\Feature\StockManagementTest.php:43

2) Tests\Feature\StockManagementTest::test_checkout_fails_if_insufficient_stock
Failed asserting that two strings are equal.

The following errors occurred during the last request:

El campo tipo envio es obligatorio.
Agotado: No hay suficiente stock para Lana (Rojo).

--- Expected
+++ Actual
@@ @@
-'http://localhost/carrito'
+'http://localhost'

C:\xampp\htdocs\stitch-and-co\vendor\laravel\framework\src\Illuminate\Testing\TestResponseAssert.php:45
C:\xampp\htdocs\stitch-and-co\vendor\laravel\framework\src\Illuminate\Testing\TestResponse.php:431
C:\xampp\htdocs\stitch-and-co\vendor\laravel\framework\src\Illuminate\Testing\TestResponse.php:205
C:\xampp\htdocs\stitch-and-co\tests\Feature\StockManagementTest.php:70

FAILURES!
Tests: 6, Assertions: 9, Failures: 2.
